


ARM Macro Assembler    Page 1 


    1 00000000        0 
                       VAR1    RN               R0
    2 00000000        1 
                       VAR2    RN               R1
    3 00000000        2 
                       SUM     RN               R2
    4 00000000         
    5 00000000                 AREA             rename_register, CODE,READONLY
    6 00000000                 ENTRY
    7 00000000                 EXPORT           __main
    8 00000000         __main
    9 00000000 F04F 0025       MOV              VAR1,#0X25
   10 00000004 F04F 0133       MOV              VAR2,#0X33
   11 00000008 EB00 0201       ADD              SUM, VAR1, VAR2
   12 0000000C         
   13 0000000C E7FE    Stop    B                Stop
   14 0000000E                 END
Command Line: --debug --xref --diag_suppress=9931 --cpu=Cortex-M4.fp.sp --apcs=
interwork --depend=renameregister\main.d -orenameregister\main.o -I.\RTE\_renam
eRegister -IC:\Keil_v5\ARM\PACK\ARM\CMSIS\5.8.0\CMSIS\Core\Include -IC:\Keil_v5
\ARM\PACK\Keil\STM32F3xx_DFP\2.2.0\Drivers\CMSIS\Device\ST\STM32F3xx\Include --
predefine="__EVAL SETA 1" --predefine="__MICROLIB SETA 1" --predefine="__UVISIO
N_VERSION SETA 535" --predefine="_RTE_ SETA 1" --predefine="STM32F303xC SETA 1"
 --predefine="_RTE_ SETA 1" --list=main.lst main.s



ARM Macro Assembler    Page 1 Alphabetic symbol ordering
Relocatable symbols

Stop 0000000C

Symbol: Stop
   Definitions
      At line 13 in file main.s
   Uses
      At line 13 in file main.s
Comment: Stop used once
__main 00000000

Symbol: __main
   Definitions
      At line 8 in file main.s
   Uses
      At line 7 in file main.s
Comment: __main used once
rename_register 00000000

Symbol: rename_register
   Definitions
      At line 5 in file main.s
   Uses
      None
Comment: rename_register unused
3 symbols
342 symbols in table
