


ARM Macro Assembler    Page 1 


    1 00000000                 AREA             findMaxNumber, CODE, READONLY
    2 00000000                 ENTRY
    3 00000000                 EXPORT           __main
    4 00000000         __main
    5 00000000 F04F 0105       mov              r1, #5
    6 00000004 F04F 0208       mov              r2, #8
    7 00000008 4291            cmp              r1, r2
    8 0000000A DB01            blt              r1_small
    9 0000000C 4608            mov              r0, r1
   10 0000000E E001            B                Stop
   11 00000010         r1_small
   12 00000010 4610            mov              r0, r2
   13 00000012 E7FF            B                Stop
   14 00000014         Stop
   15 00000014 E7FE            B                Stop
   16 00000016         
                       
Command Line: --debug --xref --diag_suppress=9931 --cpu=Cortex-M3 --apcs=interw
ork --depend=.\objects\main.d -o.\objects\main.o -I.\RTE\Device\STM32F103RC -I.
\RTE\_Target_1 -IC:\Keil_v5\ARM\PACK\ARM\CMSIS\5.4.0\CMSIS\Core\Include -IC:\Ke
il_v5\ARM\PACK\Keil\STM32F1xx_DFP\2.3.0\Device\Include --predefine="__EVAL SETA
 1" --predefine="__UVISION_VERSION SETA 526" --predefine="_RTE_ SETA 1" --prede
fine="STM32F10X_HD SETA 1" --list=.\listings\main.lst main.s



ARM Macro Assembler    Page 1 Alphabetic symbol ordering
Relocatable symbols

Stop 00000014

Symbol: Stop
   Definitions
      At line 14 in file main.s
   Uses
      At line 10 in file main.s
      At line 13 in file main.s
      At line 15 in file main.s

__main 00000000

Symbol: __main
   Definitions
      At line 4 in file main.s
   Uses
      At line 3 in file main.s
Comment: __main used once
findMaxNumber 00000000

Symbol: findMaxNumber
   Definitions
      At line 1 in file main.s
   Uses
      None
Comment: findMaxNumber unused
r1_small 00000010

Symbol: r1_small
   Definitions
      At line 11 in file main.s
   Uses
      At line 8 in file main.s
Comment: r1_small used once
4 symbols
338 symbols in table
