


ARM Macro Assembler    Page 1 


    1 00000000         ; LOGICAL SHIFT RIGHT 
    2 00000000                 AREA             logicalShift, CODE, READONLY
    3 00000000                 ENTRY
    4 00000000                 EXPORT           __main
    5 00000000         __main
    6 00000000 F04F 0011       mov              r0,#0x11
    7 00000004 EA4F 0150       lsr              r1, r0, #1
    8 00000008 EA4F 0251       lsr              r2, r1, #1
    9 0000000C         
   10 0000000C E7FE    Stop    B                Stop
   11 0000000E                 end
Command Line: --debug --xref --diag_suppress=9931 --cpu=Cortex-M3 --apcs=interw
ork --depend=.\objects\main.d -o.\objects\main.o -I.\RTE\Device\STM32F103RC -I.
\RTE\_Target_1 -IC:\Keil_v5\ARM\PACK\ARM\CMSIS\5.4.0\CMSIS\Core\Include -IC:\Ke
il_v5\ARM\PACK\Keil\STM32F1xx_DFP\2.3.0\Device\Include --predefine="__EVAL SETA
 1" --predefine="__UVISION_VERSION SETA 526" --predefine="_RTE_ SETA 1" --prede
fine="STM32F10X_HD SETA 1" --list=.\listings\main.lst main.s



ARM Macro Assembler    Page 1 Alphabetic symbol ordering
Relocatable symbols

Stop 0000000C

Symbol: Stop
   Definitions
      At line 10 in file main.s
   Uses
      At line 10 in file main.s
Comment: Stop used once
__main 00000000

Symbol: __main
   Definitions
      At line 5 in file main.s
   Uses
      At line 4 in file main.s
Comment: __main used once
logicalShift 00000000

Symbol: logicalShift
   Definitions
      At line 2 in file main.s
   Uses
      None
Comment: logicalShift unused
3 symbols
337 symbols in table
