<html>
<body>
<pre>
<h1>µVision Build Log</h1>
<h2>Tool Versions:</h2>
IDE-Version: µVision V5.26.2.0
Copyright (C) 2018 ARM Ltd and ARM Germany GmbH. All rights reserved.
License Information: PYAE SOAN AUNG, ROMROBOTICS, LIC=CRMFW-QCJE8-FY1VU-SLPPH-CNL09-N9AGQ
 
Tool Versions:
Toolchain:       MDK-ARM Professional  Version: 5.26.2.0
Toolchain Path:  C:\Keil_v5\ARM\ARMCC\Bin
C Compiler:      Armcc.exe V5.06 update 6 (build 750)
Assembler:       Armasm.exe V5.06 update 6 (build 750)
Linker/Locator:  ArmLink.exe V5.06 update 6 (build 750)
Library Manager: ArmAr.exe V5.06 update 6 (build 750)
Hex Converter:   FromElf.exe V5.06 update 6 (build 750)
CPU DLL:         SARMCM3.DLL V5.26.2.0
Dialog DLL:      DARMSTM.DLL V1.68.0.0
Target DLL:      UL2CM3.DLL V1.161.6.0
Dialog DLL:      TCM.DLL V1.36.1.0
 
<h2>Project:</h2>
C:\Users\romrobotics\Desktop\STM32Workspace\RTOS\rtos_test\rtos_test.uvprojx
Project File Date:  12/31/2021

<h2>Output:</h2>
*** Using Compiler 'V5.06 update 6 (build 750)', folder: 'C:\Keil_v5\ARM\ARMCC\Bin'
Rebuild target 'Target 1'
assembling startup_stm32f10x_hd.s...
compiling list.c...
compiling freertos_evr.c...
compiling heap_1.c...
compiling system_stm32f10x.c...
compiling main.c...
compiling DMA_STM32F10x.c...
compiling GPIO_STM32F10x.c...
compiling queue.c...
compiling port.c...
compiling timers.c...
compiling tasks.c...
linking...
Program Size: Code=8392 RO-data=336 RW-data=120 ZI-data=5968  
".\Objects\rtos_test.axf" - 0 Error(s), 0 Warning(s).

<h2>Software Packages used:</h2>

Package Vendor: ARM
                http://www.keil.com/pack/ARM.CMSIS.5.4.0.pack
                ARM.CMSIS.5.4.0
                CMSIS (Cortex Microcontroller Software Interface Standard)
   * Component: CORE Version: 5.1.2

Package Vendor: ARM
                http://www.keil.com/pack/ARM.CMSIS-FreeRTOS.10.0.1.pack
                ARM.CMSIS-FreeRTOS.10.0.1
                Bundle of FreeRTOS for Cortex-M and Cortex-A
   * Component: Config Variant: FreeRTOS Version: 10.0.1
   * Component: Core Version: 10.0.1
   * Component: Heap Variant: Heap_1 Version: 10.0.1
   * Component: Timers Version: 10.0.1

Package Vendor: Keil
                http://www.keil.com/pack/Keil.STM32F1xx_DFP.2.3.0.pack
                Keil.STM32F1xx_DFP.2.3.0
                STMicroelectronics STM32F1 Series Device Support, Drivers and Examples
   * Component: DMA Version: 1.2
   * Component: GPIO Version: 1.3
   * Component: Startup Version: 1.0.0

<h2>Collection of Component include folders:</h2>
  .\RTE\Device\STM32F103RC
  .\RTE\RTOS
  .\RTE\_Target_1
  C:\Keil_v5\ARM\PACK\ARM\CMSIS-FreeRTOS\10.0.1\CMSIS\RTOS2\FreeRTOS\Include
  C:\Keil_v5\ARM\PACK\ARM\CMSIS-FreeRTOS\10.0.1\Source\include
  C:\Keil_v5\ARM\PACK\ARM\CMSIS-FreeRTOS\10.0.1\Source\portable\RVDS\ARM_CM3
  C:\Keil_v5\ARM\PACK\ARM\CMSIS\5.4.0\CMSIS\Core\Include
  C:\Keil_v5\ARM\PACK\Keil\STM32F1xx_DFP\2.3.0\Device\Include
  C:\Keil_v5\ARM\PACK\Keil\STM32F1xx_DFP\2.3.0\RTE_Driver

<h2>Collection of Component Files used:</h2>

   * Component: ARM.FreeRTOS::RTOS:Config:FreeRTOS:10.0.1
      Include file:  Config\ARMCM\FreeRTOSConfig.h

   * Component: ARM.FreeRTOS::RTOS:Core:10.0.1
      Include file:  CMSIS\RTOS2\FreeRTOS\Include\freertos_evr.h
      Include file:  Source\include\FreeRTOS.h
      Include file:  Source\include\queue.h
      Source file:   Source\list.c
      Source file:   Source\queue.c
      Source file:   Source\tasks.c
      Include file:  Source\include\semphr.h
      Include file:  Source\include\task.h
      Source file:   Source\portable\RVDS\ARM_CM3\port.c
      Source file:   CMSIS\RTOS2\FreeRTOS\Source\freertos_evr.c

   * Component: ARM.FreeRTOS::RTOS:Heap:Heap_1:10.0.1
      Source file:   Source\portable\MemMang\heap_1.c

   * Component: ARM.FreeRTOS::RTOS:Timers:10.0.1
      Include file:  Source\include\timers.h
      Source file:   Source\timers.c

   * Component: ARM::CMSIS:CORE:5.1.2

   * Component: Keil::Device:DMA:1.2
      Source file:   RTE_Driver\DMA_STM32F10x.c
      Include file:  RTE_Driver\DMA_STM32F10x.h

   * Component: Keil::Device:GPIO:1.3
      Include file:  RTE_Driver\GPIO_STM32F10x.h
      Source file:   RTE_Driver\GPIO_STM32F10x.c

   * Component: Keil::Device:Startup:1.0.0
      Source file:   Device\Source\system_stm32f10x.c
      Source file:   Device\Source\ARM\startup_stm32f10x_hd.s
      Source file:   Device\Source\ARM\STM32F1xx_OPT.s
      Include file:  RTE_Driver\Config\RTE_Device.h
Build Time Elapsed:  00:00:01
</pre>
</body>
</html>
