


ARM Macro Assembler    Page 1 


    1 00000000                 AREA             |.text|, CODE, READONLY
    2 00000000                 EXPORT           Number
    3 00000000         Number
    4 00000000 F04F 0064       mov              R0, #100
    5 00000004 4770            BX               LR
    6 00000006         
    7 00000006 00 00           ALIGN
    8 00000008                 END
Command Line: --debug --xref --diag_suppress=9931 --cpu=Cortex-M3 --apcs=interw
ork --depend=.\objects\numberfunction.d -o.\objects\numberfunction.o -I.\RTE\De
vice\STM32F103RC -I.\RTE\_Target_1 -IC:\Keil_v5\ARM\PACK\ARM\CMSIS\5.4.0\CMSIS\
Core\Include -IC:\Keil_v5\ARM\PACK\Keil\STM32F1xx_DFP\2.3.0\Device\Include --pr
edefine="__EVAL SETA 1" --predefine="__UVISION_VERSION SETA 526" --predefine="_
RTE_ SETA 1" --predefine="STM32F10X_HD SETA 1" --list=.\listings\numberfunction
.lst numberFunction.s



ARM Macro Assembler    Page 1 Alphabetic symbol ordering
Relocatable symbols

.text 00000000

Symbol: .text
   Definitions
      At line 1 in file numberFunction.s
   Uses
      None
Comment: .text unused
Number 00000000

Symbol: Number
   Definitions
      At line 3 in file numberFunction.s
   Uses
      At line 2 in file numberFunction.s
Comment: Number used once
2 symbols
336 symbols in table
