


ARM Macro Assembler    Page 1 


    1 00000000                 AREA             looping, CODE, READONLY
    2 00000000                 ENTRY
    3 00000000                 EXPORT           __main
    4 00000000         __main
    5 00000000 F04F 0000       mov              r0, #0
    6 00000004         
    7 00000004         loop
    8 00000004 280A            CMP              r0, #10     ; check if a==4
    9 00000006 D002            BEQ              Stop        ; go to end
   10 00000008 F100 0001       add              r0, r0, #1  ;else increase
   11 0000000C E7FA            B                loop
   12 0000000E         
   13 0000000E         Stop
   14 0000000E E7FE            B                Stop
   15 00000010                 END
Command Line: --debug --xref --diag_suppress=9931 --cpu=Cortex-M3 --apcs=interw
ork --depend=.\objects\main.d -o.\objects\main.o -I.\RTE\Device\STM32F103RC -I.
\RTE\_Target_1 -IC:\Keil_v5\ARM\PACK\ARM\CMSIS\5.4.0\CMSIS\Core\Include -IC:\Ke
il_v5\ARM\PACK\Keil\STM32F1xx_DFP\2.3.0\Device\Include --predefine="__EVAL SETA
 1" --predefine="__UVISION_VERSION SETA 526" --predefine="_RTE_ SETA 1" --prede
fine="STM32F10X_HD SETA 1" --list=.\listings\main.lst main.s



ARM Macro Assembler    Page 1 Alphabetic symbol ordering
Relocatable symbols

Stop 0000000E

Symbol: Stop
   Definitions
      At line 13 in file main.s
   Uses
      At line 9 in file main.s
      At line 14 in file main.s

__main 00000000

Symbol: __main
   Definitions
      At line 4 in file main.s
   Uses
      At line 3 in file main.s
Comment: __main used once
loop 00000004

Symbol: loop
   Definitions
      At line 7 in file main.s
   Uses
      At line 11 in file main.s
Comment: loop used once
looping 00000000

Symbol: looping
   Definitions
      At line 1 in file main.s
   Uses
      None
Comment: looping unused
4 symbols
338 symbols in table
